{
  "version": "1.5.0",
  "plugins_used": [
    {
      "name": "ArtifactoryDetector"
    },
    {
      "name": "AWSKeyDetector"
    },
    {
      "name": "AzureStorageKeyDetector"
    },
    {
      "name": "Base64HighEntropyString",
      "limit": 4.5
    },
    {
      "name": "BasicAuthDetector"
    },
    {
      "name": "CloudantDetector"
    },
    {
      "name": "DiscordBotTokenDetector"
    },
    {
      "name": "GitHubTokenDetector"
    },
    {
      "name": "GitLabTokenDetector"
    },
    {
      "name": "HexHighEntropyString",
      "limit": 3.0
    },
    {
      "name": "IbmCloudIamDetector"
    },
    {
      "name": "IbmCosHmacDetector"
    },
    {
      "name": "IPPublicDetector"
    },
    {
      "name": "JwtTokenDetector"
    },
    {
      "name": "KeywordDetector",
      "keyword_exclude": ""
    },
    {
      "name": "MailchimpDetector"
    },
    {
      "name": "NpmDetector"
    },
    {
      "name": "OpenAIDetector"
    },
    {
      "name": "PrivateKeyDetector"
    },
    {
      "name": "PypiTokenDetector"
    },
    {
      "name": "SendGridDetector"
    },
    {
      "name": "SlackDetector"
    },
    {
      "name": "SoftlayerDetector"
    },
    {
      "name": "SquareOAuthDetector"
    },
    {
      "name": "StripeDetector"
    },
    {
      "name": "TelegramBotTokenDetector"
    },
    {
      "name": "TwilioKeyDetector"
    }
  ],
  "filters_used": [
    {
      "path": "detect_secrets.filters.allowlist.is_line_allowlisted"
    },
    {
      "path": "detect_secrets.filters.common.is_ignored_due_to_verification_policies",
      "min_level": 2
    },
    {
      "path": "detect_secrets.filters.heuristic.is_indirect_reference"
    },
    {
      "path": "detect_secrets.filters.heuristic.is_likely_id_string"
    },
    {
      "path": "detect_secrets.filters.heuristic.is_lock_file"
    },
    {
      "path": "detect_secrets.filters.heuristic.is_not_alphanumeric_string"
    },
    {
      "path": "detect_secrets.filters.heuristic.is_potential_uuid"
    },
    {
      "path": "detect_secrets.filters.heuristic.is_prefixed_with_dollar_sign"
    },
    {
      "path": "detect_secrets.filters.heuristic.is_sequential_string"
    },
    {
      "path": "detect_secrets.filters.heuristic.is_swagger_file"
    },
    {
      "path": "detect_secrets.filters.heuristic.is_templated_secret"
    }
  ],
  "results": {
    ".claude/agents/bigbrotr-expert/AGENT.md": [
      {
        "type": "Secret Keyword",
        "filename": ".claude/agents/bigbrotr-expert/AGENT.md",
        "hashed_secret": "564e340cd48437d2dfe876ee154cc99dc4d0d137",
        "is_verified": false,
        "line_number": 543
      },
      {
        "type": "Secret Keyword",
        "filename": ".claude/agents/bigbrotr-expert/AGENT.md",
        "hashed_secret": "edeb23e25a619c434d22bb7f1c3ca4841166b4e8",
        "is_verified": false,
        "line_number": 544
      },
      {
        "type": "Secret Keyword",
        "filename": ".claude/agents/bigbrotr-expert/AGENT.md",
        "hashed_secret": "5eb942810a75ebc850972a89285d570d484c89c4",
        "is_verified": false,
        "line_number": 867
      }
    ],
    ".github/workflows/ci.yml": [
      {
        "type": "Secret Keyword",
        "filename": ".github/workflows/ci.yml",
        "hashed_secret": "9fb7fe1217aed442b04c0f5e43b5d5a7d3287097",
        "is_verified": false,
        "line_number": 85
      }
    ],
    "docs/DEPLOYMENT.md": [
      {
        "type": "Secret Keyword",
        "filename": "docs/DEPLOYMENT.md",
        "hashed_secret": "c35bdb821a941808a150db95d0f934f449bbff17",
        "is_verified": false,
        "line_number": 274
      }
    ],
    "docs/DEVELOPMENT.md": [
      {
        "type": "Secret Keyword",
        "filename": "docs/DEVELOPMENT.md",
        "hashed_secret": "564e340cd48437d2dfe876ee154cc99dc4d0d137",
        "is_verified": false,
        "line_number": 716
      },
      {
        "type": "Secret Keyword",
        "filename": "docs/DEVELOPMENT.md",
        "hashed_secret": "9fb7fe1217aed442b04c0f5e43b5d5a7d3287097",
        "is_verified": false,
        "line_number": 727
      }
    ],
    "docs/TECHNICAL.md": [
      {
        "type": "Secret Keyword",
        "filename": "docs/TECHNICAL.md",
        "hashed_secret": "5eb942810a75ebc850972a89285d570d484c89c4",
        "is_verified": false,
        "line_number": 1640
      }
    ],
    "tests/unit/core/test_pool.py": [
      {
        "type": "Secret Keyword",
        "filename": "tests/unit/core/test_pool.py",
        "hashed_secret": "e727d1464ae12436e899a726da5b2f11d8381b26",
        "is_verified": false,
        "line_number": 415
      }
    ],
    "tests/unit/nips/nip11/test_data.py": [
      {
        "type": "Hex High Entropy String",
        "filename": "tests/unit/nips/nip11/test_data.py",
        "hashed_secret": "90bd1b48e958257948487b90bee080ba5ed00caa",
        "is_verified": false,
        "line_number": 647
      }
    ],
    "tests/unit/nips/nip66/test_ssl.py": [
      {
        "type": "Hex High Entropy String",
        "filename": "tests/unit/nips/nip66/test_ssl.py",
        "hashed_secret": "7311834bcbd9cb868b659efaedd0e5591babe2fa",
        "is_verified": false,
        "line_number": 220
      }
    ]
  },
  "generated_at": "2026-02-09T10:16:35Z"
}
